V3 3
FL D:/IT34/NORORGate/NORORGate.vhd 2014/07/25.14:48:21 I.24
EN work/NORORGate 1406279914       FL D:/IT34/NORORGate/NORORGate.vhd PB ieee/std_logic_1164 1131108373 \
      PB ieee/std_logic_arith 1131108375 PB ieee/STD_LOGIC_UNSIGNED 1131108379
AR work/NORORGate/Behavioral 1406279915 FL D:/IT34/NORORGate/NORORGate.vhd EN work/NORORGate 1406279914
