V3 3
FL D:/IT34/NANDANDGate/NANDANDGate.vhd 2014/07/25.14:56:09 I.24
EN work/NANDANDGate 1406280408     FL D:/IT34/NANDANDGate/NANDANDGate.vhd \
      PB ieee/std_logic_1164 1131108373 PB ieee/std_logic_arith 1131108375 \
      PB ieee/STD_LOGIC_UNSIGNED 1131108379
AR work/NANDANDGate/Behavioral 1406280409 FL D:/IT34/NANDANDGate/NANDANDGate.vhd \
      EN work/NANDANDGate 1406280408
