AR function1 behavioral D:/IT34/function1/function1.vhd sub00/vhpl01 1405678391
EN function1_tb NULL D:/IT34/function1/function1_tb.vhw sub00/vhpl02 1405678461
EN function1 NULL D:/IT34/function1/function1.vhd sub00/vhpl00 1405678390
AR function1_tb testbench_arch D:/IT34/function1/function1_tb.vhw sub00/vhpl03 1405678462
