AR xorgate behavioral D:/IT34/xorgate/xorgate.vhd sub00/vhpl01 1405675420
EN xorgate NULL D:/IT34/xorgate/xorgate.vhd sub00/vhpl00 1405675419
AR xorgate_tb testbench_arch D:/IT34/xorgate/xorgate_tb.vhw sub00/vhpl03 1405675422
EN xorgate_tb NULL D:/IT34/xorgate/xorgate_tb.vhw sub00/vhpl02 1405675421
