V3 3
FL D:/IT34/NORANDGate/NORANDGate.vhd 2014/07/25.14:28:46 I.24
EN work/NORANDGate 1406278782      FL D:/IT34/NORANDGate/NORANDGate.vhd \
      PB ieee/std_logic_1164 1131108373 PB ieee/std_logic_arith 1131108375 \
      PB ieee/STD_LOGIC_UNSIGNED 1131108379
AR work/NORANDGate/Behavioral 1406278783 FL D:/IT34/NORANDGate/NORANDGate.vhd \
      EN work/NORANDGate 1406278782
