V3 3
FL D:/IT34/NANDNOTGate/NANDNOTGate.vhd 2014/07/25.15:03:02 I.24
EN work/NANDNOTGate 1406280796     FL D:/IT34/NANDNOTGate/NANDNOTGate.vhd \
      PB ieee/std_logic_1164 1131108373 PB ieee/std_logic_arith 1131108375 \
      PB ieee/STD_LOGIC_UNSIGNED 1131108379
AR work/NANDNOTGate/Behavioral 1406280797 FL D:/IT34/NANDNOTGate/NANDNOTGate.vhd \
      EN work/NANDNOTGate 1406280796
