V3 3
FL D:/IT34/NANDORGate/NANDORGate.vhd 2014/07/25.15:00:49 I.24
EN work/NANDORGate 1406280664      FL D:/IT34/NANDORGate/NANDORGate.vhd \
      PB ieee/std_logic_1164 1131108373 PB ieee/std_logic_arith 1131108375 \
      PB ieee/STD_LOGIC_UNSIGNED 1131108379
AR work/NANDORGate/Behavioral 1406280665 FL D:/IT34/NANDORGate/NANDORGate.vhd \
      EN work/NANDORGate 1406280664
