V3 3
FL D:/IT34/NORNOTGate/NORNOTGate.vhd 2014/07/25.14:51:25 I.24
EN work/NORNOTGate 1406280108      FL D:/IT34/NORNOTGate/NORNOTGate.vhd \
      PB ieee/std_logic_1164 1131108373 PB ieee/std_logic_arith 1131108375 \
      PB ieee/STD_LOGIC_UNSIGNED 1131108379
AR work/NORNOTGate/Behavioral 1406280109 FL D:/IT34/NORNOTGate/NORNOTGate.vhd \
      EN work/NORNOTGate 1406280108
