EN compaddsub NULL D:/IT-62/COMPADDSUB/COMPADDSUB.vhd sub00/vhpl02 1406889115
AR compaddsub behavioral D:/IT-62/COMPADDSUB/COMPADDSUB.vhd sub00/vhpl03 1406889116
AR fa_data behavioral D:/IT-62/FA_DATA/FA_DATA.vhd sub00/vhpl01 1406889114
EN fa_data NULL D:/IT-62/FA_DATA/FA_DATA.vhd sub00/vhpl00 1406889113
